// Jest Snapshot v1, https://goo.gl/fbAQLP

exports[`snapshots renders correclty 1`] = `
<Fragment>
  <GlobalStyleComponent />
  <Menu />
  <Videos>
    <Video
      source="url"
      title="Be a winner!"
      video="http://cdn.playbuzz.com/content/feed/video-1.mp4"
    />
  </Videos>
</Fragment>
`;
