// Jest Snapshot v1, https://goo.gl/fbAQLP

exports[`snapshots Div 1`] = `
.c0 {
  padding: 1rem;
  grid-area: views;
  text-align: right;
}

<styled.div>
  <StyledComponent
    forwardedComponent={
      Object {
        "$$typeof": Symbol(react.forward_ref),
        "attrs": Array [
          Object {
            "className": "video-views",
          },
        ],
        "componentStyle": ComponentStyle {
          "componentId": "sc-bdVaJa",
          "isStatic": true,
          "lastClassName": "c0",
          "rules": Array [
            "
  padding: 1rem;
  grid-area: views;
  text-align: right;
",
          ],
        },
        "displayName": "styled.div",
        "foldedComponentIds": Array [],
        "render": [Function],
        "styledComponentId": "sc-bdVaJa",
        "target": "div",
        "toString": [Function],
        "warnTooManyClasses": [Function],
        "withComponent": [Function],
      }
    }
    forwardedRef={null}
  >
    <div
      className="video-views c0"
    >
      children
    </div>
  </StyledComponent>
</styled.div>
`;

exports[`snapshots Views - count undefined 1`] = `<styled.div />`;

exports[`snapshots Views 1`] = `
<styled.div>
  2.3K views
</styled.div>
`;
